Analysis & Synthesis report for fec_saylinx_board_top
Tue Nov 25 15:52:04 2025
Quartus Prime Version 21.1.1 Build 850 06/23/2022 SJ Lite Edition


---------------------
; Table of Contents ;
---------------------
  1. Legal Notice
  2. Analysis & Synthesis Summary
  3. Analysis & Synthesis Settings
  4. Parallel Compilation
  5. Analysis & Synthesis Source Files Read
  6. Analysis & Synthesis Resource Usage Summary
  7. Analysis & Synthesis Resource Utilization by Entity
  8. State Machine - |fec_saylinx_board_top|disp_mode_q
  9. State Machine - |fec_saylinx_board_top|sqrt_mult_system:calc_unit|state
 10. Registers Removed During Synthesis
 11. Removed Registers Triggering Further Register Optimizations
 12. General Register Statistics
 13. Multiplexer Restructuring Statistics (Restructuring Performed)
 14. Parameter Settings for User Entity Instance: debounce_button:db2
 15. Parameter Settings for User Entity Instance: debounce_button:db3
 16. Parameter Settings for User Entity Instance: debounce_button:db4
 17. Port Connectivity Checks: "sqrt_mult_system:calc_unit"
 18. Post-Synthesis Netlist Statistics for Top Partition
 19. Elapsed Time Per Partition
 20. Analysis & Synthesis Messages
 21. Analysis & Synthesis Suppressed Messages



----------------
; Legal Notice ;
----------------
Copyright (C) 2022  Intel Corporation. All rights reserved.
Your use of Intel Corporation's design tools, logic functions 
and other software and tools, and any partner logic 
functions, and any output files from any of the foregoing 
(including device programming or simulation files), and any 
associated documentation or information are expressly subject 
to the terms and conditions of the Intel Program License 
Subscription Agreement, the Intel Quartus Prime License Agreement,
the Intel FPGA IP License Agreement, or other applicable license
agreement, including, without limitation, that your use is for
the sole purpose of programming logic devices manufactured by
Intel and sold by Intel or its authorized distributors.  Please
refer to the applicable agreement for further details, at
https://fpgasoftware.intel.com/eula.



+----------------------------------------------------------------------------------+
; Analysis & Synthesis Summary                                                     ;
+------------------------------------+---------------------------------------------+
; Analysis & Synthesis Status        ; Successful - Tue Nov 25 15:52:04 2025       ;
; Quartus Prime Version              ; 21.1.1 Build 850 06/23/2022 SJ Lite Edition ;
; Revision Name                      ; fec_saylinx_board_top                       ;
; Top-level Entity Name              ; fec_saylinx_board_top                       ;
; Family                             ; Cyclone IV E                                ;
; Total logic elements               ; 384                                         ;
;     Total combinational functions  ; 370                                         ;
;     Dedicated logic registers      ; 214                                         ;
; Total registers                    ; 214                                         ;
; Total pins                         ; 93                                          ;
; Total virtual pins                 ; 0                                           ;
; Total memory bits                  ; 0                                           ;
; Embedded Multiplier 9-bit elements ; 0                                           ;
; Total PLLs                         ; 0                                           ;
+------------------------------------+---------------------------------------------+


+------------------------------------------------------------------------------------------------------------------+
; Analysis & Synthesis Settings                                                                                    ;
+------------------------------------------------------------------+-----------------------+-----------------------+
; Option                                                           ; Setting               ; Default Value         ;
+------------------------------------------------------------------+-----------------------+-----------------------+
; Device                                                           ; EP4CE6F17C8           ;                       ;
; Top-level entity name                                            ; fec_saylinx_board_top ; fec_saylinx_board_top ;
; Family name                                                      ; Cyclone IV E          ; Cyclone V             ;
; Use smart compilation                                            ; Off                   ; Off                   ;
; Enable parallel Assembler and Timing Analyzer during compilation ; On                    ; On                    ;
; Enable compact report table                                      ; Off                   ; Off                   ;
; Restructure Multiplexers                                         ; Auto                  ; Auto                  ;
; Create Debugging Nodes for IP Cores                              ; Off                   ; Off                   ;
; Preserve fewer node names                                        ; On                    ; On                    ;
; Intel FPGA IP Evaluation Mode                                    ; Enable                ; Enable                ;
; Verilog Version                                                  ; Verilog_2001          ; Verilog_2001          ;
; VHDL Version                                                     ; VHDL_1993             ; VHDL_1993             ;
; State Machine Processing                                         ; Auto                  ; Auto                  ;
; Safe State Machine                                               ; Off                   ; Off                   ;
; Extract Verilog State Machines                                   ; On                    ; On                    ;
; Extract VHDL State Machines                                      ; On                    ; On                    ;
; Ignore Verilog initial constructs                                ; Off                   ; Off                   ;
; Iteration limit for constant Verilog loops                       ; 5000                  ; 5000                  ;
; Iteration limit for non-constant Verilog loops                   ; 250                   ; 250                   ;
; Add Pass-Through Logic to Inferred RAMs                          ; On                    ; On                    ;
; Infer RAMs from Raw Logic                                        ; On                    ; On                    ;
; Parallel Synthesis                                               ; On                    ; On                    ;
; DSP Block Balancing                                              ; Auto                  ; Auto                  ;
; NOT Gate Push-Back                                               ; On                    ; On                    ;
; Power-Up Don't Care                                              ; On                    ; On                    ;
; Remove Redundant Logic Cells                                     ; Off                   ; Off                   ;
; Remove Duplicate Registers                                       ; On                    ; On                    ;
; Ignore CARRY Buffers                                             ; Off                   ; Off                   ;
; Ignore CASCADE Buffers                                           ; Off                   ; Off                   ;
; Ignore GLOBAL Buffers                                            ; Off                   ; Off                   ;
; Ignore ROW GLOBAL Buffers                                        ; Off                   ; Off                   ;
; Ignore LCELL Buffers                                             ; Off                   ; Off                   ;
; Ignore SOFT Buffers                                              ; On                    ; On                    ;
; Limit AHDL Integers to 32 Bits                                   ; Off                   ; Off                   ;
; Optimization Technique                                           ; Balanced              ; Balanced              ;
; Carry Chain Length                                               ; 70                    ; 70                    ;
; Auto Carry Chains                                                ; On                    ; On                    ;
; Auto Open-Drain Pins                                             ; On                    ; On                    ;
; Perform WYSIWYG Primitive Resynthesis                            ; Off                   ; Off                   ;
; Auto ROM Replacement                                             ; On                    ; On                    ;
; Auto RAM Replacement                                             ; On                    ; On                    ;
; Auto DSP Block Replacement                                       ; On                    ; On                    ;
; Auto Shift Register Replacement                                  ; Auto                  ; Auto                  ;
; Allow Shift Register Merging across Hierarchies                  ; Auto                  ; Auto                  ;
; Auto Clock Enable Replacement                                    ; On                    ; On                    ;
; Strict RAM Replacement                                           ; Off                   ; Off                   ;
; Allow Synchronous Control Signals                                ; On                    ; On                    ;
; Force Use of Synchronous Clear Signals                           ; Off                   ; Off                   ;
; Auto RAM Block Balancing                                         ; On                    ; On                    ;
; Auto RAM to Logic Cell Conversion                                ; Off                   ; Off                   ;
; Auto Resource Sharing                                            ; Off                   ; Off                   ;
; Allow Any RAM Size For Recognition                               ; Off                   ; Off                   ;
; Allow Any ROM Size For Recognition                               ; Off                   ; Off                   ;
; Allow Any Shift Register Size For Recognition                    ; Off                   ; Off                   ;
; Use LogicLock Constraints during Resource Balancing              ; On                    ; On                    ;
; Ignore translate_off and synthesis_off directives                ; Off                   ; Off                   ;
; Timing-Driven Synthesis                                          ; On                    ; On                    ;
; Report Parameter Settings                                        ; On                    ; On                    ;
; Report Source Assignments                                        ; On                    ; On                    ;
; Report Connectivity Checks                                       ; On                    ; On                    ;
; Ignore Maximum Fan-Out Assignments                               ; Off                   ; Off                   ;
; Synchronization Register Chain Length                            ; 2                     ; 2                     ;
; Power Optimization During Synthesis                              ; Normal compilation    ; Normal compilation    ;
; HDL message level                                                ; Level2                ; Level2                ;
; Suppress Register Optimization Related Messages                  ; Off                   ; Off                   ;
; Number of Removed Registers Reported in Synthesis Report         ; 5000                  ; 5000                  ;
; Number of Swept Nodes Reported in Synthesis Report               ; 5000                  ; 5000                  ;
; Number of Inverted Registers Reported in Synthesis Report        ; 100                   ; 100                   ;
; Clock MUX Protection                                             ; On                    ; On                    ;
; Auto Gated Clock Conversion                                      ; Off                   ; Off                   ;
; Block Design Naming                                              ; Auto                  ; Auto                  ;
; SDC constraint protection                                        ; Off                   ; Off                   ;
; Synthesis Effort                                                 ; Auto                  ; Auto                  ;
; Shift Register Replacement - Allow Asynchronous Clear Signal     ; On                    ; On                    ;
; Pre-Mapping Resynthesis Optimization                             ; Off                   ; Off                   ;
; Analysis & Synthesis Message Level                               ; Medium                ; Medium                ;
; Disable Register Merging Across Hierarchies                      ; Auto                  ; Auto                  ;
; Resource Aware Inference For Block RAM                           ; On                    ; On                    ;
+------------------------------------------------------------------+-----------------------+-----------------------+


+------------------------------------------+
; Parallel Compilation                     ;
+----------------------------+-------------+
; Processors                 ; Number      ;
+----------------------------+-------------+
; Number detected on machine ; 16          ;
; Maximum allowed            ; 12          ;
;                            ;             ;
; Average used               ; 1.00        ;
; Maximum used               ; 12          ;
;                            ;             ;
; Usage by Processor         ; % Time Used ;
;     Processor 1            ; 100.0%      ;
;     Processor 2            ;   0.0%      ;
;     Processors 3-12        ;   0.0%      ;
+----------------------------+-------------+


+----------------------------------------------------------------------------------------------------------------------------------------------------------------------+
; Analysis & Synthesis Source Files Read                                                                                                                               ;
+----------------------------------+-----------------+------------------------------+------------------------------------------------------------------------+---------+
; File Name with User-Entered Path ; Used in Netlist ; File Type                    ; File Name with Absolute Path                                           ; Library ;
+----------------------------------+-----------------+------------------------------+------------------------------------------------------------------------+---------+
; fec_saylinx_board_top.v          ; yes             ; Auto-Found Verilog HDL File  ; /media/ra/_work/ra/ITMO/COURSE_3/FUCSCHEM/lab3/fec_saylinx_board_top.v ;         ;
; debounce_button.v                ; yes             ; Auto-Found Verilog HDL File  ; /media/ra/_work/ra/ITMO/COURSE_3/FUCSCHEM/lab3/debounce_button.v       ;         ;
; sqrt_mult_system.v               ; yes             ; Auto-Found Verilog HDL File  ; /media/ra/_work/ra/ITMO/COURSE_3/FUCSCHEM/lab3/sqrt_mult_system.v      ;         ;
; sqrt.v                           ; yes             ; Auto-Found Verilog HDL File  ; /media/ra/_work/ra/ITMO/COURSE_3/FUCSCHEM/lab3/sqrt.v                  ;         ;
; mult.v                           ; yes             ; Auto-Found Verilog HDL File  ; /media/ra/_work/ra/ITMO/COURSE_3/FUCSCHEM/lab3/mult.v                  ;         ;
; seg_display_ctrl.v               ; yes             ; Auto-Found Verilog HDL File  ; /media/ra/_work/ra/ITMO/COURSE_3/FUCSCHEM/lab3/seg_display_ctrl.v      ;         ;
; hex_to_7seg.v                    ; yes             ; Auto-Found Verilog HDL File  ; /media/ra/_work/ra/ITMO/COURSE_3/FUCSCHEM/lab3/hex_to_7seg.v           ;         ;
+----------------------------------+-----------------+------------------------------+------------------------------------------------------------------------+---------+


+---------------------------------------------------------+
; Analysis & Synthesis Resource Usage Summary             ;
+---------------------------------------------+-----------+
; Resource                                    ; Usage     ;
+---------------------------------------------+-----------+
; Estimated Total logic elements              ; 384       ;
;                                             ;           ;
; Total combinational functions               ; 370       ;
; Logic element usage by number of LUT inputs ;           ;
;     -- 4 input functions                    ; 110       ;
;     -- 3 input functions                    ; 85        ;
;     -- <=2 input functions                  ; 175       ;
;                                             ;           ;
; Logic elements by mode                      ;           ;
;     -- normal mode                          ; 264       ;
;     -- arithmetic mode                      ; 106       ;
;                                             ;           ;
; Total registers                             ; 214       ;
;     -- Dedicated logic registers            ; 214       ;
;     -- I/O registers                        ; 0         ;
;                                             ;           ;
; I/O pins                                    ; 93        ;
;                                             ;           ;
; Embedded Multiplier 9-bit elements          ; 0         ;
;                                             ;           ;
; Maximum fan-out node                        ; CLK~input ;
; Maximum fan-out                             ; 214       ;
; Total fan-out                               ; 1883      ;
; Average fan-out                             ; 2.45      ;
+---------------------------------------------+-----------+


+----------------------------------------------------------------------------------------------------------------------------------------------------------------------------------------------------------------------------------------------------------------------------------+
; Analysis & Synthesis Resource Utilization by Entity                                                                                                                                                                                                                              ;
+-----------------------------------+---------------------+---------------------------+-------------+--------------+---------+-----------+------+--------------+----------------------------------------------------------------------------+-----------------------+--------------+
; Compilation Hierarchy Node        ; Combinational ALUTs ; Dedicated Logic Registers ; Memory Bits ; DSP Elements ; DSP 9x9 ; DSP 18x18 ; Pins ; Virtual Pins ; Full Hierarchy Name                                                        ; Entity Name           ; Library Name ;
+-----------------------------------+---------------------+---------------------------+-------------+--------------+---------+-----------+------+--------------+----------------------------------------------------------------------------+-----------------------+--------------+
; |fec_saylinx_board_top            ; 370 (55)            ; 214 (44)                  ; 0           ; 0            ; 0       ; 0         ; 93   ; 0            ; |fec_saylinx_board_top                                                     ; fec_saylinx_board_top ; work         ;
;    |debounce_button:db2|          ; 30 (30)             ; 23 (23)                   ; 0           ; 0            ; 0       ; 0         ; 0    ; 0            ; |fec_saylinx_board_top|debounce_button:db2                                 ; debounce_button       ; work         ;
;    |debounce_button:db3|          ; 29 (29)             ; 23 (23)                   ; 0           ; 0            ; 0       ; 0         ; 0    ; 0            ; |fec_saylinx_board_top|debounce_button:db3                                 ; debounce_button       ; work         ;
;    |debounce_button:db4|          ; 30 (30)             ; 23 (23)                   ; 0           ; 0            ; 0       ; 0         ; 0    ; 0            ; |fec_saylinx_board_top|debounce_button:db4                                 ; debounce_button       ; work         ;
;    |seg_display_ctrl:seg_ctrl|    ; 86 (72)             ; 19 (19)                   ; 0           ; 0            ; 0       ; 0         ; 0    ; 0            ; |fec_saylinx_board_top|seg_display_ctrl:seg_ctrl                           ; seg_display_ctrl      ; work         ;
;       |hex_to_7seg:u_hex_to_7seg| ; 14 (14)             ; 0 (0)                     ; 0           ; 0            ; 0       ; 0         ; 0    ; 0            ; |fec_saylinx_board_top|seg_display_ctrl:seg_ctrl|hex_to_7seg:u_hex_to_7seg ; hex_to_7seg           ; work         ;
;    |sqrt_mult_system:calc_unit|   ; 140 (7)             ; 82 (4)                    ; 0           ; 0            ; 0       ; 0         ; 0    ; 0            ; |fec_saylinx_board_top|sqrt_mult_system:calc_unit                          ; sqrt_mult_system      ; work         ;
;       |mult:mult_inst|            ; 90 (90)             ; 51 (51)                   ; 0           ; 0            ; 0       ; 0         ; 0    ; 0            ; |fec_saylinx_board_top|sqrt_mult_system:calc_unit|mult:mult_inst           ; mult                  ; work         ;
;       |sqrt:sqrt_inst|            ; 43 (43)             ; 27 (27)                   ; 0           ; 0            ; 0       ; 0         ; 0    ; 0            ; |fec_saylinx_board_top|sqrt_mult_system:calc_unit|sqrt:sqrt_inst           ; sqrt                  ; work         ;
+-----------------------------------+---------------------+---------------------------+-------------+--------------+---------+-----------+------+--------------+----------------------------------------------------------------------------+-----------------------+--------------+
Note: For table entries with two numbers listed, the numbers in parentheses indicate the number of resources of the given type used by the specific entity alone. The numbers listed outside of parentheses indicate the total resources of the given type used by the specific entity and all of its sub-entities in the hierarchy.


Encoding Type:  One-Hot
+---------------------------------------------------------------------------------------------+
; State Machine - |fec_saylinx_board_top|disp_mode_q                                          ;
+-------------------------+-------------------------+--------------------+--------------------+
; Name                    ; disp_mode_q.DISP_RESULT ; disp_mode_q.DISP_B ; disp_mode_q.DISP_A ;
+-------------------------+-------------------------+--------------------+--------------------+
; disp_mode_q.DISP_RESULT ; 0                       ; 0                  ; 0                  ;
; disp_mode_q.DISP_A      ; 1                       ; 0                  ; 1                  ;
; disp_mode_q.DISP_B      ; 1                       ; 1                  ; 0                  ;
+-------------------------+-------------------------+--------------------+--------------------+


Encoding Type:  One-Hot
+--------------------------------------------------------------------------------------+
; State Machine - |fec_saylinx_board_top|sqrt_mult_system:calc_unit|state              ;
+------------------+------------------+-----------------+-----------------+------------+
; Name             ; state.DONE_STATE ; state.CALC_MULT ; state.CALC_SQRT ; state.IDLE ;
+------------------+------------------+-----------------+-----------------+------------+
; state.IDLE       ; 0                ; 0               ; 0               ; 0          ;
; state.CALC_SQRT  ; 0                ; 0               ; 1               ; 1          ;
; state.CALC_MULT  ; 0                ; 1               ; 0               ; 1          ;
; state.DONE_STATE ; 1                ; 0               ; 0               ; 1          ;
+------------------+------------------+-----------------+-----------------+------------+


+--------------------------------------------------------------------------------------------+
; Registers Removed During Synthesis                                                         ;
+---------------------------------------------------+----------------------------------------+
; Register name                                     ; Reason for Removal                     ;
+---------------------------------------------------+----------------------------------------+
; sqrt_mult_system:calc_unit|sqrt:sqrt_inst|m[5,7]  ; Stuck at GND due to stuck port data_in ;
; sqrt_mult_system:calc_unit|sqrt:sqrt_inst|y[7]    ; Stuck at GND due to stuck port data_in ;
; sqrt_mult_system:calc_unit|sqrt:sqrt_inst|y_bo[7] ; Stuck at GND due to stuck port data_in ;
; sqrt_mult_system:calc_unit|sqrt:sqrt_inst|m[3]    ; Stuck at GND due to stuck port data_in ;
; sqrt_mult_system:calc_unit|mult:mult_inst|b[7]    ; Stuck at GND due to stuck port data_in ;
; sqrt_mult_system:calc_unit|sqrt:sqrt_inst|m[1]    ; Stuck at GND due to stuck port data_in ;
; sqrt_mult_system:calc_unit|state~5                ; Lost fanout                            ;
; sqrt_mult_system:calc_unit|state~6                ; Lost fanout                            ;
; Total Number of Removed Registers = 9             ;                                        ;
+---------------------------------------------------+----------------------------------------+


+---------------------------------------------------------------------------------------------------------------------------------+
; Removed Registers Triggering Further Register Optimizations                                                                     ;
+------------------------------------------------+---------------------------+----------------------------------------------------+
; Register name                                  ; Reason for Removal        ; Registers Removed due to This Register             ;
+------------------------------------------------+---------------------------+----------------------------------------------------+
; sqrt_mult_system:calc_unit|sqrt:sqrt_inst|m[7] ; Stuck at GND              ; sqrt_mult_system:calc_unit|sqrt:sqrt_inst|y[7],    ;
;                                                ; due to stuck port data_in ; sqrt_mult_system:calc_unit|sqrt:sqrt_inst|y_bo[7], ;
;                                                ;                           ; sqrt_mult_system:calc_unit|mult:mult_inst|b[7]     ;
+------------------------------------------------+---------------------------+----------------------------------------------------+


+------------------------------------------------------+
; General Register Statistics                          ;
+----------------------------------------------+-------+
; Statistic                                    ; Value ;
+----------------------------------------------+-------+
; Total registers                              ; 214   ;
; Number of registers using Synchronous Clear  ; 87    ;
; Number of registers using Synchronous Load   ; 8     ;
; Number of registers using Asynchronous Clear ; 136   ;
; Number of registers using Asynchronous Load  ; 0     ;
; Number of registers using Clock Enable       ; 82    ;
; Number of registers using Preset             ; 0     ;
+----------------------------------------------+-------+


+----------------------------------------------------------------------------------------------------------------------------------------------------------------------------------------+
; Multiplexer Restructuring Statistics (Restructuring Performed)                                                                                                                         ;
+--------------------+-----------+---------------+----------------------+------------------------+------------+--------------------------------------------------------------------------+
; Multiplexer Inputs ; Bus Width ; Baseline Area ; Area if Restructured ; Saving if Restructured ; Registered ; Example Multiplexer Output                                               ;
+--------------------+-----------+---------------+----------------------+------------------------+------------+--------------------------------------------------------------------------+
; 3:1                ; 16 bits   ; 32 LEs        ; 16 LEs               ; 16 LEs                 ; Yes        ; |fec_saylinx_board_top|sqrt_mult_system:calc_unit|mult:mult_inst|y_bo[7] ;
; 3:1                ; 20 bits   ; 40 LEs        ; 20 LEs               ; 20 LEs                 ; Yes        ; |fec_saylinx_board_top|debounce_button:db3|cnt[9]                        ;
; 3:1                ; 20 bits   ; 40 LEs        ; 20 LEs               ; 20 LEs                 ; Yes        ; |fec_saylinx_board_top|debounce_button:db4|cnt[19]                       ;
; 3:1                ; 20 bits   ; 40 LEs        ; 20 LEs               ; 20 LEs                 ; Yes        ; |fec_saylinx_board_top|debounce_button:db2|cnt[18]                       ;
; 3:1                ; 3 bits    ; 6 LEs         ; 3 LEs                ; 3 LEs                  ; Yes        ; |fec_saylinx_board_top|sqrt_mult_system:calc_unit|sqrt:sqrt_inst|y_bo[2] ;
; 3:1                ; 3 bits    ; 6 LEs         ; 3 LEs                ; 3 LEs                  ; Yes        ; |fec_saylinx_board_top|sqrt_mult_system:calc_unit|sqrt:sqrt_inst|y[1]    ;
; 4:1                ; 4 bits    ; 8 LEs         ; 4 LEs                ; 4 LEs                  ; Yes        ; |fec_saylinx_board_top|sqrt_mult_system:calc_unit|sqrt:sqrt_inst|y_bo[0] ;
; 4:1                ; 7 bits    ; 14 LEs        ; 7 LEs                ; 7 LEs                  ; Yes        ; |fec_saylinx_board_top|sqrt_mult_system:calc_unit|sqrt:sqrt_inst|y[2]    ;
; 4:1                ; 8 bits    ; 16 LEs        ; 16 LEs               ; 0 LEs                  ; Yes        ; |fec_saylinx_board_top|sqrt_mult_system:calc_unit|sqrt:sqrt_inst|x[0]    ;
; 4:1                ; 19 bits   ; 38 LEs        ; 19 LEs               ; 19 LEs                 ; Yes        ; |fec_saylinx_board_top|sqrt_mult_system:calc_unit|mult:mult_inst|ctr[2]  ;
; 8:1                ; 4 bits    ; 20 LEs        ; 20 LEs               ; 0 LEs                  ; No         ; |fec_saylinx_board_top|seg_display_ctrl:seg_ctrl|curr_nibble[0]          ;
; 5:1                ; 3 bits    ; 9 LEs         ; 6 LEs                ; 3 LEs                  ; No         ; |fec_saylinx_board_top|disp_mode_q                                       ;
; 7:1                ; 4 bits    ; 16 LEs        ; 12 LEs               ; 4 LEs                  ; No         ; |fec_saylinx_board_top|sqrt_mult_system:calc_unit|Selector0              ;
+--------------------+-----------+---------------+----------------------+------------------------+------------+--------------------------------------------------------------------------+


+------------------------------------------------------------------+
; Parameter Settings for User Entity Instance: debounce_button:db2 ;
+----------------+---------+---------------------------------------+
; Parameter Name ; Value   ; Type                                  ;
+----------------+---------+---------------------------------------+
; CLKS           ; 1000000 ; Signed Integer                        ;
+----------------+---------+---------------------------------------+
Note: In order to hide this table in the UI and the text report file, please set the "Show Parameter Settings in Synthesis Report" option in "Analysis and Synthesis Settings -> More Settings" to "Off".


+------------------------------------------------------------------+
; Parameter Settings for User Entity Instance: debounce_button:db3 ;
+----------------+---------+---------------------------------------+
; Parameter Name ; Value   ; Type                                  ;
+----------------+---------+---------------------------------------+
; CLKS           ; 1000000 ; Signed Integer                        ;
+----------------+---------+---------------------------------------+
Note: In order to hide this table in the UI and the text report file, please set the "Show Parameter Settings in Synthesis Report" option in "Analysis and Synthesis Settings -> More Settings" to "Off".


+------------------------------------------------------------------+
; Parameter Settings for User Entity Instance: debounce_button:db4 ;
+----------------+---------+---------------------------------------+
; Parameter Name ; Value   ; Type                                  ;
+----------------+---------+---------------------------------------+
; CLKS           ; 1000000 ; Signed Integer                        ;
+----------------+---------+---------------------------------------+
Note: In order to hide this table in the UI and the text report file, please set the "Show Parameter Settings in Synthesis Report" option in "Analysis and Synthesis Settings -> More Settings" to "Off".


+--------------------------------------------------------------------------------------------------------------------------------------------------------------------------------------------------------------+
; Port Connectivity Checks: "sqrt_mult_system:calc_unit"                                                                                                                                                       ;
+------+-------+----------+------------------------------------------------------------------------------------------------------------------------------------------------------------------------------------+
; Port ; Type  ; Severity ; Details                                                                                                                                                                            ;
+------+-------+----------+------------------------------------------------------------------------------------------------------------------------------------------------------------------------------------+
; a_bi ; Input ; Warning  ; Input port expression (32 bits) is wider than the input port (8 bits) it drives.  The 24 most-significant bit(s) in the expression will be dangling if they have no other fanouts. ;
; b_bi ; Input ; Warning  ; Input port expression (32 bits) is wider than the input port (8 bits) it drives.  The 24 most-significant bit(s) in the expression will be dangling if they have no other fanouts. ;
+------+-------+----------+------------------------------------------------------------------------------------------------------------------------------------------------------------------------------------+


+-----------------------------------------------------+
; Post-Synthesis Netlist Statistics for Top Partition ;
+-----------------------+-----------------------------+
; Type                  ; Count                       ;
+-----------------------+-----------------------------+
; boundary_port         ; 93                          ;
; cycloneiii_ff         ; 214                         ;
;     CLR               ; 69                          ;
;     CLR SCLR          ; 60                          ;
;     ENA               ; 51                          ;
;     ENA CLR           ; 7                           ;
;     ENA SCLR          ; 16                          ;
;     ENA SCLR SLD      ; 8                           ;
;     SCLR              ; 3                           ;
; cycloneiii_lcell_comb ; 381                         ;
;     arith             ; 106                         ;
;         2 data inputs ; 78                          ;
;         3 data inputs ; 28                          ;
;     normal            ; 275                         ;
;         0 data inputs ; 2                           ;
;         1 data inputs ; 32                          ;
;         2 data inputs ; 74                          ;
;         3 data inputs ; 57                          ;
;         4 data inputs ; 110                         ;
;                       ;                             ;
; Max LUT depth         ; 6.50                        ;
; Average LUT depth     ; 3.06                        ;
+-----------------------+-----------------------------+


+-------------------------------+
; Elapsed Time Per Partition    ;
+----------------+--------------+
; Partition Name ; Elapsed Time ;
+----------------+--------------+
; Top            ; 00:00:00     ;
+----------------+--------------+


+-------------------------------+
; Analysis & Synthesis Messages ;
+-------------------------------+
Info: *******************************************************************
Info: Running Quartus Prime Analysis & Synthesis
    Info: Version 21.1.1 Build 850 06/23/2022 SJ Lite Edition
    Info: Processing started: Tue Nov 25 15:51:58 2025
Info: Command: quartus_map --read_settings_files=on --write_settings_files=off fec_saylinx_project -c fec_saylinx_board_top
Warning (18236): Number of processors has not been specified which may cause overloading on shared machines.  Set the global assignment NUM_PARALLEL_PROCESSORS in your QSF to an appropriate value for best performance.
Info (20030): Parallel compilation is enabled and will use 12 of the 12 processors detected
Warning (12125): Using design file fec_saylinx_board_top.v, which is not specified as a design file for the current project, but contains definitions for 1 design units and 1 entities in project
    Info (12023): Found entity 1: fec_saylinx_board_top File: /media/ra/_work/ra/ITMO/COURSE_3/FUCSCHEM/lab3/fec_saylinx_board_top.v Line: 1
Info (12127): Elaborating entity "fec_saylinx_board_top" for the top level hierarchy
Warning (12125): Using design file debounce_button.v, which is not specified as a design file for the current project, but contains definitions for 1 design units and 1 entities in project
    Info (12023): Found entity 1: debounce_button File: /media/ra/_work/ra/ITMO/COURSE_3/FUCSCHEM/lab3/debounce_button.v Line: 1
Info (12128): Elaborating entity "debounce_button" for hierarchy "debounce_button:db2" File: /media/ra/_work/ra/ITMO/COURSE_3/FUCSCHEM/lab3/fec_saylinx_board_top.v Line: 39
Warning (12125): Using design file sqrt_mult_system.v, which is not specified as a design file for the current project, but contains definitions for 1 design units and 1 entities in project
    Info (12023): Found entity 1: sqrt_mult_system File: /media/ra/_work/ra/ITMO/COURSE_3/FUCSCHEM/lab3/sqrt_mult_system.v Line: 1
Info (12128): Elaborating entity "sqrt_mult_system" for hierarchy "sqrt_mult_system:calc_unit" File: /media/ra/_work/ra/ITMO/COURSE_3/FUCSCHEM/lab3/fec_saylinx_board_top.v Line: 88
Warning (12125): Using design file sqrt.v, which is not specified as a design file for the current project, but contains definitions for 1 design units and 1 entities in project
    Info (12023): Found entity 1: sqrt File: /media/ra/_work/ra/ITMO/COURSE_3/FUCSCHEM/lab3/sqrt.v Line: 1
Info (12128): Elaborating entity "sqrt" for hierarchy "sqrt_mult_system:calc_unit|sqrt:sqrt_inst" File: /media/ra/_work/ra/ITMO/COURSE_3/FUCSCHEM/lab3/sqrt_mult_system.v Line: 64
Warning (10230): Verilog HDL assignment warning at sqrt.v(57): truncated value with size 16 to match size of target (8) File: /media/ra/_work/ra/ITMO/COURSE_3/FUCSCHEM/lab3/sqrt.v Line: 57
Warning (12125): Using design file mult.v, which is not specified as a design file for the current project, but contains definitions for 1 design units and 1 entities in project
    Info (12023): Found entity 1: mult File: /media/ra/_work/ra/ITMO/COURSE_3/FUCSCHEM/lab3/mult.v Line: 1
Info (12128): Elaborating entity "mult" for hierarchy "sqrt_mult_system:calc_unit|mult:mult_inst" File: /media/ra/_work/ra/ITMO/COURSE_3/FUCSCHEM/lab3/sqrt_mult_system.v Line: 74
Warning (10230): Verilog HDL assignment warning at mult.v(35): truncated value with size 32 to match size of target (1) File: /media/ra/_work/ra/ITMO/COURSE_3/FUCSCHEM/lab3/mult.v Line: 35
Warning (10230): Verilog HDL assignment warning at mult.v(40): truncated value with size 32 to match size of target (1) File: /media/ra/_work/ra/ITMO/COURSE_3/FUCSCHEM/lab3/mult.v Line: 40
Warning (10230): Verilog HDL assignment warning at mult.v(50): truncated value with size 32 to match size of target (1) File: /media/ra/_work/ra/ITMO/COURSE_3/FUCSCHEM/lab3/mult.v Line: 50
Warning (10230): Verilog HDL assignment warning at mult.v(55): truncated value with size 32 to match size of target (3) File: /media/ra/_work/ra/ITMO/COURSE_3/FUCSCHEM/lab3/mult.v Line: 55
Warning (12125): Using design file seg_display_ctrl.v, which is not specified as a design file for the current project, but contains definitions for 1 design units and 1 entities in project
    Info (12023): Found entity 1: seg_display_ctrl File: /media/ra/_work/ra/ITMO/COURSE_3/FUCSCHEM/lab3/seg_display_ctrl.v Line: 1
Info (12128): Elaborating entity "seg_display_ctrl" for hierarchy "seg_display_ctrl:seg_ctrl" File: /media/ra/_work/ra/ITMO/COURSE_3/FUCSCHEM/lab3/fec_saylinx_board_top.v Line: 102
Warning (12125): Using design file hex_to_7seg.v, which is not specified as a design file for the current project, but contains definitions for 1 design units and 1 entities in project
    Info (12023): Found entity 1: hex_to_7seg File: /media/ra/_work/ra/ITMO/COURSE_3/FUCSCHEM/lab3/hex_to_7seg.v Line: 1
Info (12128): Elaborating entity "hex_to_7seg" for hierarchy "seg_display_ctrl:seg_ctrl|hex_to_7seg:u_hex_to_7seg" File: /media/ra/_work/ra/ITMO/COURSE_3/FUCSCHEM/lab3/seg_display_ctrl.v Line: 43
Warning (12241): 1 hierarchies have connectivity warnings - see the Connectivity Checks report folder
Warning (13024): Output pins are stuck at VCC or GND
    Warning (13410): Pin "SEG_DATA[0]" is stuck at VCC File: /media/ra/_work/ra/ITMO/COURSE_3/FUCSCHEM/lab3/fec_saylinx_board_top.v Line: 12
    Warning (13410): Pin "GPIO_0_out_zero_value[0]" is stuck at GND File: /media/ra/_work/ra/ITMO/COURSE_3/FUCSCHEM/lab3/fec_saylinx_board_top.v Line: 15
    Warning (13410): Pin "GPIO_0_out_zero_value[1]" is stuck at GND File: /media/ra/_work/ra/ITMO/COURSE_3/FUCSCHEM/lab3/fec_saylinx_board_top.v Line: 15
    Warning (13410): Pin "GPIO_0_out_zero_value[2]" is stuck at GND File: /media/ra/_work/ra/ITMO/COURSE_3/FUCSCHEM/lab3/fec_saylinx_board_top.v Line: 15
    Warning (13410): Pin "GPIO_0_out_zero_value[3]" is stuck at GND File: /media/ra/_work/ra/ITMO/COURSE_3/FUCSCHEM/lab3/fec_saylinx_board_top.v Line: 15
    Warning (13410): Pin "GPIO_0_out_zero_value[4]" is stuck at GND File: /media/ra/_work/ra/ITMO/COURSE_3/FUCSCHEM/lab3/fec_saylinx_board_top.v Line: 15
    Warning (13410): Pin "GPIO_0_out_zero_value[5]" is stuck at GND File: /media/ra/_work/ra/ITMO/COURSE_3/FUCSCHEM/lab3/fec_saylinx_board_top.v Line: 15
    Warning (13410): Pin "GPIO_0_out_zero_value[6]" is stuck at GND File: /media/ra/_work/ra/ITMO/COURSE_3/FUCSCHEM/lab3/fec_saylinx_board_top.v Line: 15
    Warning (13410): Pin "GPIO_0_out_zero_value[7]" is stuck at GND File: /media/ra/_work/ra/ITMO/COURSE_3/FUCSCHEM/lab3/fec_saylinx_board_top.v Line: 15
    Warning (13410): Pin "GPIO_0_out_zero_value[8]" is stuck at GND File: /media/ra/_work/ra/ITMO/COURSE_3/FUCSCHEM/lab3/fec_saylinx_board_top.v Line: 15
    Warning (13410): Pin "GPIO_0_out_zero_value[9]" is stuck at GND File: /media/ra/_work/ra/ITMO/COURSE_3/FUCSCHEM/lab3/fec_saylinx_board_top.v Line: 15
    Warning (13410): Pin "GPIO_0_out_zero_value[10]" is stuck at GND File: /media/ra/_work/ra/ITMO/COURSE_3/FUCSCHEM/lab3/fec_saylinx_board_top.v Line: 15
    Warning (13410): Pin "GPIO_0_out_zero_value[11]" is stuck at GND File: /media/ra/_work/ra/ITMO/COURSE_3/FUCSCHEM/lab3/fec_saylinx_board_top.v Line: 15
    Warning (13410): Pin "GPIO_0_out_zero_value[12]" is stuck at GND File: /media/ra/_work/ra/ITMO/COURSE_3/FUCSCHEM/lab3/fec_saylinx_board_top.v Line: 15
    Warning (13410): Pin "GPIO_0_out_zero_value[13]" is stuck at GND File: /media/ra/_work/ra/ITMO/COURSE_3/FUCSCHEM/lab3/fec_saylinx_board_top.v Line: 15
    Warning (13410): Pin "GPIO_0_out_zero_value[14]" is stuck at GND File: /media/ra/_work/ra/ITMO/COURSE_3/FUCSCHEM/lab3/fec_saylinx_board_top.v Line: 15
    Warning (13410): Pin "GPIO_0_out_zero_value[15]" is stuck at GND File: /media/ra/_work/ra/ITMO/COURSE_3/FUCSCHEM/lab3/fec_saylinx_board_top.v Line: 15
    Warning (13410): Pin "GPIO_0_out_zero_value[16]" is stuck at GND File: /media/ra/_work/ra/ITMO/COURSE_3/FUCSCHEM/lab3/fec_saylinx_board_top.v Line: 15
    Warning (13410): Pin "GPIO_1_out_zero_value[0]" is stuck at GND File: /media/ra/_work/ra/ITMO/COURSE_3/FUCSCHEM/lab3/fec_saylinx_board_top.v Line: 18
    Warning (13410): Pin "GPIO_1_out_zero_value[1]" is stuck at GND File: /media/ra/_work/ra/ITMO/COURSE_3/FUCSCHEM/lab3/fec_saylinx_board_top.v Line: 18
    Warning (13410): Pin "GPIO_1_out_zero_value[2]" is stuck at GND File: /media/ra/_work/ra/ITMO/COURSE_3/FUCSCHEM/lab3/fec_saylinx_board_top.v Line: 18
    Warning (13410): Pin "GPIO_1_out_zero_value[3]" is stuck at GND File: /media/ra/_work/ra/ITMO/COURSE_3/FUCSCHEM/lab3/fec_saylinx_board_top.v Line: 18
    Warning (13410): Pin "GPIO_1_out_zero_value[4]" is stuck at GND File: /media/ra/_work/ra/ITMO/COURSE_3/FUCSCHEM/lab3/fec_saylinx_board_top.v Line: 18
    Warning (13410): Pin "GPIO_1_out_zero_value[5]" is stuck at GND File: /media/ra/_work/ra/ITMO/COURSE_3/FUCSCHEM/lab3/fec_saylinx_board_top.v Line: 18
    Warning (13410): Pin "GPIO_1_out_zero_value[6]" is stuck at GND File: /media/ra/_work/ra/ITMO/COURSE_3/FUCSCHEM/lab3/fec_saylinx_board_top.v Line: 18
    Warning (13410): Pin "GPIO_1_out_zero_value[7]" is stuck at GND File: /media/ra/_work/ra/ITMO/COURSE_3/FUCSCHEM/lab3/fec_saylinx_board_top.v Line: 18
    Warning (13410): Pin "GPIO_1_out_zero_value[8]" is stuck at GND File: /media/ra/_work/ra/ITMO/COURSE_3/FUCSCHEM/lab3/fec_saylinx_board_top.v Line: 18
    Warning (13410): Pin "GPIO_1_out_zero_value[9]" is stuck at GND File: /media/ra/_work/ra/ITMO/COURSE_3/FUCSCHEM/lab3/fec_saylinx_board_top.v Line: 18
    Warning (13410): Pin "GPIO_1_out_zero_value[10]" is stuck at GND File: /media/ra/_work/ra/ITMO/COURSE_3/FUCSCHEM/lab3/fec_saylinx_board_top.v Line: 18
    Warning (13410): Pin "GPIO_1_out_zero_value[11]" is stuck at GND File: /media/ra/_work/ra/ITMO/COURSE_3/FUCSCHEM/lab3/fec_saylinx_board_top.v Line: 18
    Warning (13410): Pin "GPIO_1_out_zero_value[12]" is stuck at GND File: /media/ra/_work/ra/ITMO/COURSE_3/FUCSCHEM/lab3/fec_saylinx_board_top.v Line: 18
    Warning (13410): Pin "GPIO_1_out_zero_value[13]" is stuck at GND File: /media/ra/_work/ra/ITMO/COURSE_3/FUCSCHEM/lab3/fec_saylinx_board_top.v Line: 18
    Warning (13410): Pin "GPIO_1_out_zero_value[14]" is stuck at GND File: /media/ra/_work/ra/ITMO/COURSE_3/FUCSCHEM/lab3/fec_saylinx_board_top.v Line: 18
    Warning (13410): Pin "GPIO_1_out_zero_value[15]" is stuck at GND File: /media/ra/_work/ra/ITMO/COURSE_3/FUCSCHEM/lab3/fec_saylinx_board_top.v Line: 18
    Warning (13410): Pin "GPIO_1_out_zero_value[16]" is stuck at GND File: /media/ra/_work/ra/ITMO/COURSE_3/FUCSCHEM/lab3/fec_saylinx_board_top.v Line: 18
Info (286030): Timing-Driven Synthesis is running
Info (17049): 2 registers lost all their fanouts during netlist optimizations.
Info (144001): Generated suppressed messages file /media/ra/_work/ra/ITMO/COURSE_3/FUCSCHEM/lab3/output_files/fec_saylinx_board_top.map.smsg
Info (16010): Generating hard_block partition "hard_block:auto_generated_inst"
    Info (16011): Adding 0 node(s), including 0 DDIO, 0 PLL, 0 transceiver and 0 LCELL
Warning (21074): Design contains 18 input pin(s) that do not drive logic
    Warning (15610): No output dependent on input pin "GPIO_0_input_pullup[16]" File: /media/ra/_work/ra/ITMO/COURSE_3/FUCSCHEM/lab3/fec_saylinx_board_top.v Line: 16
    Warning (15610): No output dependent on input pin "GPIO_1_input_pullup[0]" File: /media/ra/_work/ra/ITMO/COURSE_3/FUCSCHEM/lab3/fec_saylinx_board_top.v Line: 20
    Warning (15610): No output dependent on input pin "GPIO_1_input_pullup[1]" File: /media/ra/_work/ra/ITMO/COURSE_3/FUCSCHEM/lab3/fec_saylinx_board_top.v Line: 20
    Warning (15610): No output dependent on input pin "GPIO_1_input_pullup[2]" File: /media/ra/_work/ra/ITMO/COURSE_3/FUCSCHEM/lab3/fec_saylinx_board_top.v Line: 20
    Warning (15610): No output dependent on input pin "GPIO_1_input_pullup[3]" File: /media/ra/_work/ra/ITMO/COURSE_3/FUCSCHEM/lab3/fec_saylinx_board_top.v Line: 20
    Warning (15610): No output dependent on input pin "GPIO_1_input_pullup[4]" File: /media/ra/_work/ra/ITMO/COURSE_3/FUCSCHEM/lab3/fec_saylinx_board_top.v Line: 20
    Warning (15610): No output dependent on input pin "GPIO_1_input_pullup[5]" File: /media/ra/_work/ra/ITMO/COURSE_3/FUCSCHEM/lab3/fec_saylinx_board_top.v Line: 20
    Warning (15610): No output dependent on input pin "GPIO_1_input_pullup[6]" File: /media/ra/_work/ra/ITMO/COURSE_3/FUCSCHEM/lab3/fec_saylinx_board_top.v Line: 20
    Warning (15610): No output dependent on input pin "GPIO_1_input_pullup[7]" File: /media/ra/_work/ra/ITMO/COURSE_3/FUCSCHEM/lab3/fec_saylinx_board_top.v Line: 20
    Warning (15610): No output dependent on input pin "GPIO_1_input_pullup[8]" File: /media/ra/_work/ra/ITMO/COURSE_3/FUCSCHEM/lab3/fec_saylinx_board_top.v Line: 20
    Warning (15610): No output dependent on input pin "GPIO_1_input_pullup[9]" File: /media/ra/_work/ra/ITMO/COURSE_3/FUCSCHEM/lab3/fec_saylinx_board_top.v Line: 20
    Warning (15610): No output dependent on input pin "GPIO_1_input_pullup[10]" File: /media/ra/_work/ra/ITMO/COURSE_3/FUCSCHEM/lab3/fec_saylinx_board_top.v Line: 20
    Warning (15610): No output dependent on input pin "GPIO_1_input_pullup[11]" File: /media/ra/_work/ra/ITMO/COURSE_3/FUCSCHEM/lab3/fec_saylinx_board_top.v Line: 20
    Warning (15610): No output dependent on input pin "GPIO_1_input_pullup[12]" File: /media/ra/_work/ra/ITMO/COURSE_3/FUCSCHEM/lab3/fec_saylinx_board_top.v Line: 20
    Warning (15610): No output dependent on input pin "GPIO_1_input_pullup[13]" File: /media/ra/_work/ra/ITMO/COURSE_3/FUCSCHEM/lab3/fec_saylinx_board_top.v Line: 20
    Warning (15610): No output dependent on input pin "GPIO_1_input_pullup[14]" File: /media/ra/_work/ra/ITMO/COURSE_3/FUCSCHEM/lab3/fec_saylinx_board_top.v Line: 20
    Warning (15610): No output dependent on input pin "GPIO_1_input_pullup[15]" File: /media/ra/_work/ra/ITMO/COURSE_3/FUCSCHEM/lab3/fec_saylinx_board_top.v Line: 20
    Warning (15610): No output dependent on input pin "GPIO_1_input_pullup[16]" File: /media/ra/_work/ra/ITMO/COURSE_3/FUCSCHEM/lab3/fec_saylinx_board_top.v Line: 20
Info (21057): Implemented 480 device resources after synthesis - the final resource count might be different
    Info (21058): Implemented 39 input pins
    Info (21059): Implemented 54 output pins
    Info (21061): Implemented 387 logic cells
Info: Quartus Prime Analysis & Synthesis was successful. 0 errors, 69 warnings
    Info: Peak virtual memory: 497 megabytes
    Info: Processing ended: Tue Nov 25 15:52:04 2025
    Info: Elapsed time: 00:00:06
    Info: Total CPU time (on all processors): 00:00:20


+------------------------------------------+
; Analysis & Synthesis Suppressed Messages ;
+------------------------------------------+
The suppressed messages can be found in /media/ra/_work/ra/ITMO/COURSE_3/FUCSCHEM/lab3/output_files/fec_saylinx_board_top.map.smsg.


